// Jest Snapshot v1, https://goo.gl/fbAQLP

exports[`smoke test 1`] = `
<span>
  <Icon
    name="cocalc-ring"
    spin={true}
  />
   Saving...
</span>
`;
